Microchip MPLAB XC8 Compiler V2.36

Linker command line:

-W-3 --edf=E:\Program Files\Microchip\xc8\v2.36\pic\dat\en_msgs.txt -cn \
  -h+dist/default/production\i2c.X.production.sym \
  --cmf=dist/default/production\i2c.X.production.cmf -z -Q16F877A \
  -oC:\Users\DAVICO~1\AppData\Local\Temp\xcAsd8s.4 --defsym=__MPLAB_BUILD=1 \
  -Mdist/default/production/i2c.X.production.map \
  --md=C:\Users\DAVICO~1\AppData\Local\Temp\xcAsd8s.dat -E1 \
  -ver=XC8 Compiler --acfsm=1493 -ACODE=00h-07FFhx4 -ASTRCODE=00h-01FFFh \
  -ASTRING=00h-0FFhx32 -ACONST=00h-0FFhx32 -AENTRY=00h-0FFhx32 \
  -ACOMMON=070h-07Fh -ABANK0=020h-06Fh -ABANK1=0A0h-0EFh \
  -ABANK2=0110h-016Fh -ABANK3=0190h-01EFh \
  -ARAM=020h-06Fh,0A0h-0EFh,0110h-016Fh,0190h-01EFh \
  -AABS1=020h-07Fh,0A0h-0EFh,0110h-016Fh,0190h-01EFh -ASFR0=00h-01Fh \
  -ASFR1=080h-09Fh -ASFR2=0100h-010Fh -ASFR3=0180h-018Fh \
  -ACONFIG=02007h-02007h -DCONFIG=2 -AIDLOC=02000h-02003h -DIDLOC=2 \
  -AEEDATA=00h-0FFh/02100h -peeprom_data=EEDATA -DEEDATA=2 -DCODE=2 \
  -DSTRCODE=2 -DSTRING=2 -DCONST=2 -DENTRY=2 \
  -preset_vec=00h,intentry,init,end_init -ppowerup=CODE -pcinit=CODE \
  -pfunctab=ENTRY -k C:\Users\DAVICO~1\AppData\Local\Temp\xcAsd8s.o \
  dist/default/production\i2c.X.production.o 

Object code version is 3.11

Machine type is 16F877A



                Name                               Link     Load   Length Selector   Space Scale
C:\Users\DAVICO~1\AppData\Local\Temp\xcAsd8s.o
                end_init                              0        0        3        0       0
                config                             2007     2007        1        0       4
                idloc                              2000     2000        4        0       5
dist/default/production\i2c.X.production.o
                cinit                               7FC      7FC        4      FF8       0
                config                             2007     2007        1        0       4
                idloc                              2000     2000        4        0       5
                text7                               6A8      6A8        D      D50       0
                text6                               68C      68C        9      D18       0
                text5                               695      695        9      D2A       0
                text4                               794      794       68      F28       0
                text3                               6B5      6B5       46      D6A       0
                text2                               741      741       53      E82       0
                text1                               69E      69E        A      D3C       0
                maintext                            6FB      6FB       46      DF6       0
                cstackBANK0                          20       20       18       20       1
                cstackCOMMON                         70       70        E       70       1

TOTAL           Name                               Link     Load   Length     Space
        CLASS   CODE           
                end_init                              0        0        3         0
                cinit                               7FC      7FC        4         0
                text7                               6A8      6A8        D         0
                text6                               68C      68C        9         0
                text5                               695      695        9         0
                text4                               794      794       68         0
                text3                               6B5      6B5       46         0
                text2                               741      741       53         0
                text1                               69E      69E        A         0
                maintext                            6FB      6FB       46         0

        CLASS   STRCODE        

        CLASS   STRING         

        CLASS   CONST          

        CLASS   ENTRY          

        CLASS   COMMON         
                cstackCOMMON                         70       70        E         1

        CLASS   BANK0          
                cstackBANK0                          20       20       18         1

        CLASS   BANK1          

        CLASS   BANK2          

        CLASS   BANK3          

        CLASS   RAM            

        CLASS   ABS1           
                abs_s1                               7E       7E        2         1

        CLASS   SFR0           

        CLASS   SFR1           

        CLASS   SFR2           

        CLASS   SFR3           

        CLASS   CONFIG         
                config                             2007     2007        1         4

        CLASS   IDLOC          
                idloc                              2000     2000        4         5

        CLASS   EEDATA         

        CLASS   STACK          



SEGMENTS        Name                           Load    Length   Top    Selector   Space  Class     Delta

                reset_vec                      000000  000003  000003         0       0  CODE        2
                cstackBANK0                    000020  000018  000038        20       1  BANK0       1
                cstackCOMMON                   000070  00000E  00007E        70       1  COMMON      1
                text6                          00068C  000009  000695       D18       0  CODE        2
                text5                          000695  000009  00069E       D2A       0  CODE        2
                text1                          00069E  00000A  0006A8       D3C       0  CODE        2
                text7                          0006A8  00000D  0006B5       D50       0  CODE        2
                text3                          0006B5  000046  0006FB       D6A       0  CODE        2
                maintext                       0006FB  000046  000741       DF6       0  CODE        2
                text2                          000741  000053  000794       E82       0  CODE        2
                text4                          000794  000068  0007FC       F28       0  CODE        2
                cinit                          0007FC  000004  000800       FF8       0  CODE        2


UNUSED ADDRESS RANGES

        Name                Unused          Largest block    Delta
        BANK0            0038-006F             38           1
        BANK1            00A0-00EF             50           1
        BANK2            0110-016F             60           1
        BANK3            0190-01EF             60           1
        CODE             0003-068B            689           2
                         0800-1FFF            800
        CONST            0003-068B            100           2
                         0800-1FFF            100
        EEDATA           2100-21FF            100           2
        ENTRY            0003-068B            100           2
                         0800-1FFF            100
        RAM              0038-006F             38           1
                         00A0-00EF             50
                         0110-016F             60
                         0190-01EF             60
        SFR0             0000-001F             20           1
        SFR1             0080-009F             20           1
        SFR2             0100-010F             10           1
        SFR3             0180-018F             10           1
        STRCODE          0003-068B            689           2
                         0800-1FFF           1800
        STRING           0003-068B            100           2
                         0800-1FFF            100

                                  Symbol Table

?___lldiv                cstackBANK0  0020
?___lmul                 cstackCOMMON 0070
I2C_Initialize@feq_K     cstackBANK0  002D
I2C_Write@data           cstackCOMMON 0070
_ACKDT                   (abs)        048D
_ACKEN                   (abs)        048C
_I2C_Begin               text6        068C
_I2C_End                 text5        0695
_I2C_Hold                text7        06A8
_I2C_Initialize          text2        0741
_I2C_Write               text1        069E
_PEN                     (abs)        048A
_RCEN                    (abs)        048B
_SEN                     (abs)        0488
_SSPADD                  (abs)        0093
_SSPBUF                  (abs)        0013
_SSPCON                  (abs)        0014
_SSPCON2                 (abs)        0091
_SSPSTAT                 (abs)        0094
_TRISC3                  (abs)        043B
_TRISC4                  (abs)        043C
__Habs1                  abs1         0000
__Hbank0                 bank0        0000
__Hbank1                 bank1        0000
__Hbank2                 bank2        0000
__Hbank3                 bank3        0000
__Hcinit                 cinit        0800
__Hclrtext               clrtext      0000
__Hcode                  code         0000
__Hcommon                common       0000
__Hconfig                config       2008
__HcstackBANK0           cstackBANK0  0000
__HcstackCOMMON          cstackCOMMON 0000
__Heeprom_data           eeprom_data  0000
__Hend_init              end_init     0003
__Hfunctab               functab      0000
__Hidloc                 idloc        2004
__Hinit                  init         0000
__Hintentry              intentry     0000
__Hmaintext              maintext     0000
__Hpowerup               powerup      0000
__Hram                   ram          0000
__Hreset_vec             reset_vec    0000
__Hsfr0                  sfr0         0000
__Hsfr1                  sfr1         0000
__Hsfr2                  sfr2         0000
__Hsfr3                  sfr3         0000
__Hspace_0               (abs)        0800
__Hspace_1               (abs)        007E
__Hspace_2               (abs)        0000
__Hspace_3               (abs)        0000
__Hspace_4               (abs)        400F
__Hstack                 stack        0000
__Hstrings               strings      0000
__Htext                  text         0000
__Labs1                  abs1         0000
__Lbank0                 bank0        0000
__Lbank1                 bank1        0000
__Lbank2                 bank2        0000
__Lbank3                 bank3        0000
__Lcinit                 cinit        07FC
__Lclrtext               clrtext      0000
__Lcode                  code         0000
__Lcommon                common       0000
__Lconfig                config       0000
__LcstackBANK0           cstackBANK0  0000
__LcstackCOMMON          cstackCOMMON 0000
__Leeprom_data           eeprom_data  0000
__Lend_init              end_init     0000
__Lfunctab               functab      0000
__Lidloc                 idloc        0000
__Linit                  init         0000
__Lintentry              intentry     0000
__Lmaintext              maintext     0000
__Lpowerup               powerup      0000
__Lram                   ram          0000
__Lreset_vec             reset_vec    0000
__Lsfr0                  sfr0         0000
__Lsfr1                  sfr1         0000
__Lsfr2                  sfr2         0000
__Lsfr3                  sfr3         0000
__Lspace_0               (abs)        0000
__Lspace_1               (abs)        0000
__Lspace_2               (abs)        0000
__Lspace_3               (abs)        0000
__Lspace_4               (abs)        0000
__Lstack                 stack        0000
__Lstrings               strings      0000
__Ltext                  text         0000
__S0                     (abs)        0800
__S1                     (abs)        007E
__S3                     (abs)        0000
___int_sp                stack        0000
___latbits               (abs)        0002
___lldiv                 text4        0794
___lldiv@counter         cstackBANK0  002C
___lldiv@dividend        cstackBANK0  0024
___lldiv@divisor         cstackBANK0  0020
___lldiv@quotient        cstackBANK0  0028
___lmul                  text3        06B5
___lmul@multiplicand     cstackCOMMON 0074
___lmul@multiplier       cstackCOMMON 0070
___lmul@product          cstackCOMMON 0079
___sp                    stack        0000
___stackhi               (abs)        0000
___stacklo               (abs)        0000
__end_of_I2C_Begin       text6        0695
__end_of_I2C_End         text5        069E
__end_of_I2C_Hold        text7        06B5
__end_of_I2C_Initialize  text2        0794
__end_of_I2C_Write       text1        06A8
__end_of___lldiv         text4        07FC
__end_of___lmul          text3        06FB
__end_of__initialization cinit        07FC
__end_of_main            maintext     0741
__initialization         cinit        07FC
__pcstackBANK0           cstackBANK0  0020
__pcstackCOMMON          cstackCOMMON 0070
__pmaintext              maintext     06FB
__ptext1                 text1        069E
__ptext2                 text2        0741
__ptext3                 text3        06B5
__ptext4                 text4        0794
__ptext5                 text5        0695
__ptext6                 text6        068C
__ptext7                 text7        06A8
_main                    maintext     06FB
btemp                    (abs)        007E
end_of_initialization    cinit        07FC
intlevel0                functab      0000
intlevel1                functab      0000
intlevel2                functab      0000
intlevel3                functab      0000
intlevel4                functab      0000
intlevel5                functab      0000
reset_vec                reset_vec    0000
start                    init         0000
start_initialization     cinit        07FC
wtemp0                   (abs)        007E


MODULE INFORMATION

Module		Function		Class		Link	Load	Size
shared
		__initialization		CODE           	07FC	0000	1

shared estimated size: 1

E:\Program Files\Microchip\xc8\v2.36\pic\sources\c90\common\__lldiv.c
		___lldiv       		CODE           	0794	0000	104

E:\Program Files\Microchip\xc8\v2.36\pic\sources\c90\common\__lldiv.c estimated size: 104

./i2c.h
		_I2C_Write     		CODE           	069E	0000	10
		_I2C_End       		CODE           	0695	0000	9
		_I2C_Hold      		CODE           	06A8	0000	13
		_I2C_Initialize		CODE           	0741	0000	83
		_I2C_Begin     		CODE           	068C	0000	9

./i2c.h estimated size: 124

main.c
		_main          		CODE           	06FB	0000	70

main.c estimated size: 70

E:\Program Files\Microchip\xc8\v2.36\pic\sources\c90\common\Umul32.c
		___lmul        		CODE           	06B5	0000	70

E:\Program Files\Microchip\xc8\v2.36\pic\sources\c90\common\Umul32.c estimated size: 70

